<img src="cache/images/2017557081_pipeline_by_lead_source_en_us_2892392679.png" border="0" usemap="#cache/images/2017557081_pipeline_by_lead_source_en_us_2892392679.png">
<map name="cache/images/2017557081_pipeline_by_lead_source_en_us_2892392679.png">
	<area shape="polygon" coords="424,238,577,238" href="index.php?module=Potentials&action=ListView&leadsource=--None--&query=true&type=dbrd&viewname=10" alt="2 opportunities where lead source is None	" title="2 opportunities where lead source is None	">
	<area shape="polygon" coords="424,238,577,238,556,314,516,360" href="index.php?module=Potentials&action=ListView&leadsource=Existing+Customer&query=true&type=dbrd&viewname=10" alt="16 opportunities where lead source is Existing Customer	" title="16 opportunities where lead source is Existing Customer	">
	<area shape="polygon" coords="424,238,516,360,443,390,429,391" href="index.php?module=Potentials&action=ListView&leadsource=Partner&query=true&type=dbrd&viewname=10" alt="1 opportunities where lead source is Partner	" title="1 opportunities where lead source is Partner	">
	<area shape="polygon" coords="424,238,429,391" href="index.php?module=Potentials&action=ListView&leadsource=Public+Relations&query=true&type=dbrd&viewname=10" alt="1 opportunities where lead source is Public Relations	" title="1 opportunities where lead source is Public Relations	">
	<area shape="polygon" coords="424,238,429,391,352,373,341,366" href="index.php?module=Potentials&action=ListView&leadsource=Monster&query=true&type=dbrd&viewname=10" alt="2 opportunities where lead source is Monster	" title="2 opportunities where lead source is Monster	">
	<area shape="polygon" coords="424,238,341,366" href="index.php?module=Potentials&action=ListView&leadsource=Linked+In&query=true&type=dbrd&viewname=10" alt="2 opportunities where lead source is Linked In	" title="2 opportunities where lead source is Linked In	">
	<area shape="polygon" coords="424,238,341,366,288,307,271,230,296,155,355,102,432,85,507,110,560,169,577,238" href="index.php?module=Potentials&action=ListView&leadsource=Networking&query=true&type=dbrd&viewname=10" alt="12 opportunities where lead source is Networking	" title="12 opportunities where lead source is Networking	">
	<area shape="polygon" coords="424,238,577,238" href="index.php?module=Potentials&action=ListView&leadsource=Events&query=true&type=dbrd&viewname=10" alt="1 opportunities where lead source is Events	" title="1 opportunities where lead source is Events	">
</map>