<img src="cache/images/2017557081_outcome_by_month_en_us_957285009.png" border="0" usemap="#cache/images/2017557081_outcome_by_month_en_us_957285009.png">
<map name="cache/images/2017557081_outcome_by_month_en_us_957285009.png">
	<area shape="rect" coords="62,432,131,438" href="index.php?module=Potentials&action=ListView&date_closed=2012-11&sales_stage=Closed+Lost&query=true&type=dbrd&owner=Ivan Galvez&viewname=10" alt="Ivan Galvez - 2 opportunities where outcome is Closed Lost" title="Ivan Galvez - 2 opportunities where outcome is Closed Lost">
	<area shape="rect" coords="216,61,285,438" href="index.php?module=Potentials&action=ListView&date_closed=2013-01&sales_stage=Closed+Lost&query=true&type=dbrd&owner=Ivan Galvez&viewname=10" alt="Ivan Galvez - 4 opportunities where outcome is Closed Lost" title="Ivan Galvez - 4 opportunities where outcome is Closed Lost">
	<area shape="rect" coords="370,364,439,438" href="index.php?module=Potentials&action=ListView&date_closed=2013-02&sales_stage=Closed+Lost&query=true&type=dbrd&owner=Ivan Galvez&viewname=10" alt="Ivan Galvez - 2 opportunities where outcome is Closed Lost" title="Ivan Galvez - 2 opportunities where outcome is Closed Lost">
	<area shape="rect" coords="370,317,439,364" href="index.php?module=Potentials&action=ListView&date_closed=2013-02&sales_stage=Closed+Won&query=true&type=dbrd&owner=Athimoolam Narayanasamy&viewname=10" alt="Athimoolam Narayanasamy - 1 opportunities where outcome is Closed Won" title="Athimoolam Narayanasamy - 1 opportunities where outcome is Closed Won">
	<area shape="rect" coords="678,436,747,438" href="index.php?module=Potentials&action=ListView&date_closed=2013-04&sales_stage=Closed+Won&query=true&type=dbrd&owner=Athimoolam Narayanasamy&viewname=10" alt="Athimoolam Narayanasamy - 1 opportunities where outcome is Closed Won" title="Athimoolam Narayanasamy - 1 opportunities where outcome is Closed Won">
</map>