<img src="cache/images/2017557081_lead_source_by_outcome_en_us_2892392679.png" border="0" usemap="#cache/images/2017557081_lead_source_by_outcome_en_us_2892392679.png">
<map name="cache/images/2017557081_lead_source_by_outcome_en_us_2892392679.png">
	<area shape="rect" coords="109,75,239,84" href="index.php?module=Potentials&action=ListView&leadsource=Existing+Customer&sales_stage=Closed+Lost&query=true&type=dbrd&owner=Ivan Galvez&viewname=10" alt="Ivan Galvez - 2 opportunities where outcome is Closed Lost" title="Ivan Galvez - 2 opportunities where outcome is Closed Lost">
	<area shape="rect" coords="109,272,207,281" href="index.php?module=Potentials&action=ListView&leadsource=Monster&sales_stage=Closed+Lost&query=true&type=dbrd&owner=Ivan Galvez&viewname=10" alt="Ivan Galvez - 1 opportunities where outcome is Closed Lost" title="Ivan Galvez - 1 opportunities where outcome is Closed Lost">
	<area shape="rect" coords="109,362,686,371" href="index.php?module=Potentials&action=ListView&leadsource=Networking&sales_stage=Closed+Lost&query=true&type=dbrd&owner=Ivan Galvez&viewname=10" alt="Ivan Galvez - 5 opportunities where outcome is Closed Lost" title="Ivan Galvez - 5 opportunities where outcome is Closed Lost">
	<area shape="rect" coords="686,362,773,371" href="index.php?module=Potentials&action=ListView&leadsource=Networking&sales_stage=Closed+Won&query=true&type=dbrd&owner=Athimoolam Narayanasamy&viewname=10" alt="Athimoolam Narayanasamy - 2 opportunities where outcome is Closed Won" title="Athimoolam Narayanasamy - 2 opportunities where outcome is Closed Won">
</map>