<img src="cache/images/2017557081_pipeline_en_us_31954934692001-01-012100-01-01.png" border="0" usemap="#cache/images/2017557081_pipeline_en_us_31954934692001-01-012100-01-01.png">
<map name="cache/images/2017557081_pipeline_en_us_31954934692001-01-012100-01-01.png">
	<area shape="rect" coords="127,363,775,387" href="index.php?module=Potentials&action=ListView&sales_stage=Closed+Lost&closingdate_start=2001-01-01&closingdate_end=2100-01-01&query=true&type=dbrd&owner=Ivan Galvez&viewname=10" alt="Ivan Galvez - 8 opportunities where sales stage is Closed Lost" title="Ivan Galvez - 8 opportunities where sales stage is Closed Lost">
	<area shape="rect" coords="127,327,196,352" href="index.php?module=Potentials&action=ListView&sales_stage=Closed+Won&closingdate_start=2001-01-01&closingdate_end=2100-01-01&query=true&type=dbrd&owner=Athimoolam Narayanasamy&viewname=10" alt="Athimoolam Narayanasamy - 2 opportunities where sales stage is Closed Won" title="Athimoolam Narayanasamy - 2 opportunities where sales stage is Closed Won">
</map>